I'm sorry, but errors were detected in your script. Please correct the
errors listed below, and try again.


File "game/script.rpy", line 14: end of line expected.
    g "Hola soy Goku" at truecenter
                      ^

File "game/script.rpy", line 15: end of line expected.
    g "He venido a derrotar a freezer" at truecenter
                                       ^

Ren'Py Version: Ren'Py 6.99.5.602
